
--- Nueva Solicitud: ¿Cuáles son los requisitos para ser administrador? ---
[Razonamiento] Iniciando proceso para: ¿Cuáles son los requisitos para ser administrador?
[Actuar] Llamando a search_kb con {'query': 'requisitos para ser administrador'}
[Observar] Resultado: [{'doc_id': '17_datos_personales_en_copropiedad_chunked.txt', 'chunk_id': 'c4410aa08dc4d4ff355fa27fe3128824', 'content': ' administración y convivencia en condominios en Chile. Establece derechos y de...
[Razonamiento] Para responder a tu pregunta con precisión, necesito buscar más allá de lo que los resultados previos muestran, ya que los fragmentos obtenidos no incluyen información específica sobre los requisitos para ser administrador en la Ley de Copropiedad Inmobiliaria de Chile. Me enfocaré en encontrar esa información precisa para ti.
[Actuar] Llamando a search_kb con {'query': 'requisitos administrador copropiedad'}
[Observar] Resultado: [{'doc_id': '17_datos_personales_en_copropiedad_chunked.txt', 'chunk_id': '736b358c424fcc56d1f8b1ea32ee7142', 'content': 'los copropietarios, reglas para el uso de bienes comunes, mecanismos de\nadmin...
[Respuesta] No encontré evidencia en la KB que especifique directamente los requisitos para ser administrador en la Ley de Copropiedad Inmobiliaria de Chile. Parece que la información relevante no está directamente accesible o no se detalla en los fragmentos proporcionados por la herramienta de búsqueda. Te recomiendo consultar el texto completo de la Ley 21.442 de Copropiedad Inmobiliaria o los reglamentos específicos de la copropiedad en cuestión para obtener detalles precisos sobre los requisitos para ser administrador.

--- Nueva Solicitud: ¿Cómo se regula la tenencia de mascotas? ---
[Razonamiento] Iniciando proceso para: ¿Cómo se regula la tenencia de mascotas?
[Razonamiento] Pensamiento: Buscaré en la Ley de Copropiedad Inmobiliaria de Chile para encontrar artículos o secciones que especifiquen cómo se regula la tenencia de mascotas en este contexto.
[Actuar] Llamando a search_kb con {'query': 'tenencia de mascotas'}
[Observar] Resultado: [{'doc_id': '15_tenencia_de_mascotas_chunked.txt', 'chunk_id': 'bfbd4028074086a695603ca016432578', 'content': '--- CHUNK 0 ---\nTENENCIA DE MASCOTAS La Ley 21.442 de Copropiedad Inmobiliaria regula la...
[Respuesta] La Ley de Copropiedad Inmobiliaria (Ley 21.442) regula la organización, administración y convivencia en condominios en Chile, estableciendo derechos y deberes de los copropietarios, reglas para el uso de bienes comunes, mecanismos de administración, control y fiscalización, así como procedimientos para la resolución de conflictos. Mientras la ley establece el marco general para la convivencia armónica y la gestión transparente, incluyendo el cumplimiento de los principios de legalidad y responsabilidad, la información específica sobre la tenencia de mascotas debería estar detallada en el reglamento interno de cada condominio según lo permite este marco legal. Esto significa que, aunque la ley regula la vida en comunidad, serán los reglamentos internos de cada copropiedad los que detallen aspectos específicos como la tenencia de mascotas.

Sin embargo, no he encontrado un artículo específico dentro de los resultados que indique los detalles sobre cómo se regula exactamente la tenencia de mascotas. Esto sugiere que la normativa específica al respecto puede variar según el reglamento de cada condominio, bajo el marco permitido por la Ley de Copropiedad Inmobiliaria.

--- Nueva Solicitud: ¿Dónde puedo comprar un sable de luz? ---
[Razonamiento] Iniciando proceso para: ¿Dónde puedo comprar un sable de luz?
[Respuesta] No tengo información sobre dónde comprar productos específicos como un sable de luz. Mi especialización es asistir con consultas sobre la Ley de Copropiedad Inmobiliaria de Chile. ¿Hay algo más sobre lo que pueda ayudarte?
